[foo, 0, 0] => foo, -1, 0 
[foo, 0, 1] => foo, -1, 0 
[foo, 0, 5] => foo, -1, 3 
[foo, 0, 10] => foo, -1, 8 
[foo, 0, 49] => foo, -1, 47 
[foo, 0, 50] => foo, -1, 48 
[foo, 11, 0] => foo, 10, 0 
[foo, 11, 1] => foo, 10, 0 
[foo, 11, 5] => foo, 10, 4 
[foo, 11, 10] => foo, 10, 9 
[foo, 11, 49] => foo, 10, 48 
[foo, 11, 50] => foo, 10, 49 
[Aged Brie, 0, 0] => Aged Brie, -1, 2 
[Aged Brie, 0, 1] => Aged Brie, -1, 3 
[Aged Brie, 0, 5] => Aged Brie, -1, 7 
[Aged Brie, 0, 10] => Aged Brie, -1, 12 
[Aged Brie, 0, 49] => Aged Brie, -1, 50 
[Aged Brie, 0, 50] => Aged Brie, -1, 50 
[Aged Brie, 11, 0] => Aged Brie, 10, 1 
[Aged Brie, 11, 1] => Aged Brie, 10, 2 
[Aged Brie, 11, 5] => Aged Brie, 10, 6 
[Aged Brie, 11, 10] => Aged Brie, 10, 11 
[Aged Brie, 11, 49] => Aged Brie, 10, 50 
[Aged Brie, 11, 50] => Aged Brie, 10, 50 
[Backstage passes to a TAFKAL80ETC concert, 0, 0] => Backstage passes to a TAFKAL80ETC concert, -1, 0 
[Backstage passes to a TAFKAL80ETC concert, 0, 1] => Backstage passes to a TAFKAL80ETC concert, -1, 0 
[Backstage passes to a TAFKAL80ETC concert, 0, 5] => Backstage passes to a TAFKAL80ETC concert, -1, 0 
[Backstage passes to a TAFKAL80ETC concert, 0, 10] => Backstage passes to a TAFKAL80ETC concert, -1, 0 
[Backstage passes to a TAFKAL80ETC concert, 0, 49] => Backstage passes to a TAFKAL80ETC concert, -1, 0 
[Backstage passes to a TAFKAL80ETC concert, 0, 50] => Backstage passes to a TAFKAL80ETC concert, -1, 0 
[Backstage passes to a TAFKAL80ETC concert, 11, 0] => Backstage passes to a TAFKAL80ETC concert, 10, 1 
[Backstage passes to a TAFKAL80ETC concert, 11, 1] => Backstage passes to a TAFKAL80ETC concert, 10, 2 
[Backstage passes to a TAFKAL80ETC concert, 11, 5] => Backstage passes to a TAFKAL80ETC concert, 10, 6 
[Backstage passes to a TAFKAL80ETC concert, 11, 10] => Backstage passes to a TAFKAL80ETC concert, 10, 11 
[Backstage passes to a TAFKAL80ETC concert, 11, 49] => Backstage passes to a TAFKAL80ETC concert, 10, 50 
[Backstage passes to a TAFKAL80ETC concert, 11, 50] => Backstage passes to a TAFKAL80ETC concert, 10, 50 
[Sulfuras, Hand of Ragnaros, 0, 0] => Sulfuras, Hand of Ragnaros, 0, 0 
[Sulfuras, Hand of Ragnaros, 0, 1] => Sulfuras, Hand of Ragnaros, 0, 1 
[Sulfuras, Hand of Ragnaros, 0, 5] => Sulfuras, Hand of Ragnaros, 0, 5 
[Sulfuras, Hand of Ragnaros, 0, 10] => Sulfuras, Hand of Ragnaros, 0, 10 
[Sulfuras, Hand of Ragnaros, 0, 49] => Sulfuras, Hand of Ragnaros, 0, 49 
[Sulfuras, Hand of Ragnaros, 0, 50] => Sulfuras, Hand of Ragnaros, 0, 50 
[Sulfuras, Hand of Ragnaros, 11, 0] => Sulfuras, Hand of Ragnaros, 11, 0 
[Sulfuras, Hand of Ragnaros, 11, 1] => Sulfuras, Hand of Ragnaros, 11, 1 
[Sulfuras, Hand of Ragnaros, 11, 5] => Sulfuras, Hand of Ragnaros, 11, 5 
[Sulfuras, Hand of Ragnaros, 11, 10] => Sulfuras, Hand of Ragnaros, 11, 10 
[Sulfuras, Hand of Ragnaros, 11, 49] => Sulfuras, Hand of Ragnaros, 11, 49 
[Sulfuras, Hand of Ragnaros, 11, 50] => Sulfuras, Hand of Ragnaros, 11, 50 
